C:\Users\guion\Documents\MCUXpressoIDE_11.8.0_1165\workspace\frdmk64f_lwip_mqtt_freertos_light_ctrl\drivers/fsl_gpio.h:191:20:GPIO_PortSet	16	static
C:\Users\guion\Documents\MCUXpressoIDE_11.8.0_1165\workspace\frdmk64f_lwip_mqtt_freertos_light_ctrl\drivers/fsl_gpio.h:206:20:GPIO_PortClear	16	static
../source/lwip_mqtt_freertos.c:191:13:mqtt_topic_subscribed_cb	24	static
../source/lwip_mqtt_freertos.c:208:13:mqtt_incoming_publish_cb	24	static
../source/lwip_mqtt_freertos.c:229:13:mqtt_incoming_data_cb	24	static
../source/lwip_mqtt_freertos.c:259:13:mqtt_subscribe_topics	48	static
../source/lwip_mqtt_freertos.c:289:13:mqtt_connection_cb	32	static
../source/lwip_mqtt_freertos.c:335:13:connect_to_mqtt	24	static
../source/lwip_mqtt_freertos.c:348:13:mqtt_message_published_cb	24	static
../source/lwip_mqtt_freertos.c:365:13:publish_message	32	static
../source/lwip_mqtt_freertos.c:376:13:publish_message_connected	48	static
../source/lwip_mqtt_freertos.c:390:13:app_thread	32	static
../source/lwip_mqtt_freertos.c:473:13:generate_client_id	48	static
../source/lwip_mqtt_freertos.c:496:13:stack_init	56	static
../source/lwip_mqtt_freertos.c:549:5:main	24	static
../source/lwip_mqtt_freertos.c:574:13:light_ctrl_main	8	static
../source/lwip_mqtt_freertos.c:584:13:set_light_command	8	static
../source/lwip_mqtt_freertos.c:646:13:set_light_state	8	static
