C:\Users\guion\Documents\MCUXpressoIDE_11.8.0_1165\workspace\frdmk64f_lwip_mqtt_freertos_light_ctrl\drivers/fsl_gpio.h:191:20:GPIO_PortSet	16	static
C:\Users\guion\Documents\MCUXpressoIDE_11.8.0_1165\workspace\frdmk64f_lwip_mqtt_freertos_light_ctrl\drivers/fsl_gpio.h:206:20:GPIO_PortClear	16	static
../source/lwip_mqtt_freertos.c:189:13:mqtt_topic_subscribed_cb	24	static
../source/lwip_mqtt_freertos.c:206:13:mqtt_incoming_publish_cb	24	static
../source/lwip_mqtt_freertos.c:227:13:mqtt_incoming_data_cb	24	static
../source/lwip_mqtt_freertos.c:257:13:mqtt_subscribe_topics	48	static
../source/lwip_mqtt_freertos.c:287:13:mqtt_connection_cb	32	static
../source/lwip_mqtt_freertos.c:333:13:connect_to_mqtt	24	static
../source/lwip_mqtt_freertos.c:346:13:mqtt_message_published_cb	24	static
../source/lwip_mqtt_freertos.c:363:13:publish_message	32	static
../source/lwip_mqtt_freertos.c:374:13:publish_message_connected	48	static
../source/lwip_mqtt_freertos.c:388:13:app_thread	32	static
../source/lwip_mqtt_freertos.c:471:13:generate_client_id	48	static
../source/lwip_mqtt_freertos.c:494:13:stack_init	56	static
../source/lwip_mqtt_freertos.c:547:5:main	24	static
../source/lwip_mqtt_freertos.c:572:13:light_ctrl_main	8	static
../source/lwip_mqtt_freertos.c:582:13:set_light_command	8	static
../source/lwip_mqtt_freertos.c:644:13:set_light_state	8	static
